2025-07-05 10:34:22,271 - INFO - Making POST request to: http://20.244.56.144/evaluation-service/register
2025-07-05 10:34:22,445 - INFO - Response status: 400
2025-07-05 10:34:22,445 - ERROR - Request failed: 400 - {"errors":[{"rollNo":"is required"},{"mobileNo":"is required"},{"githubUsername":"is required"},{"accessCode":"is required"}]}
2025-07-05 10:34:22,451 - INFO - Registration details saved to registration_details.json
2025-07-05 10:34:22,453 - INFO - Making GET request to: https://jsonplaceholder.typicode.com/posts/1
2025-07-05 10:34:23,642 - INFO - Response status: 200
2025-07-05 10:34:23,642 - INFO - Request successful: 200
2025-07-05 10:34:23,644 - INFO - Making POST request to: https://jsonplaceholder.typicode.com/posts
2025-07-05 10:34:24,535 - INFO - Response status: 201
2025-07-05 10:34:24,535 - INFO - Request successful: 201
2025-07-05 10:34:24,537 - INFO - Making GET request to: https://httpstat.us/404
2025-07-05 10:34:25,527 - ERROR - Request exception: HTTPSConnectionPool(host='httpstat.us', port=443): Max retries exceeded with url: /404 (Caused by SSLError(SSLEOFError(8, '[SSL: UNEXPECTED_EOF_WHILE_READING] EOF occurred in violation of protocol (_ssl.c:1018)')))
2025-07-05 10:40:17,979 - INFO - Making POST request to: http://20.244.56.144/evaluation-service/register
2025-07-05 10:40:18,337 - INFO - Response status: 400
2025-07-05 10:40:18,337 - ERROR - Request failed: 400 - {"errors":[{"mobileNo":"custom message is not available: Key: 'User.mobileNo' Error:Field validation for 'mobileNo' failed on the 'len' tag"}]}
2025-07-05 10:40:18,338 - INFO - Registration details saved to registration_details.json
2025-07-05 10:40:18,339 - INFO - Making POST request to: https://jsonplaceholder.typicode.com/posts
2025-07-05 10:40:19,422 - INFO - Response status: 201
2025-07-05 10:40:19,422 - INFO - Request successful: 201
2025-07-05 10:40:57,339 - INFO - Making POST request to: http://20.244.56.144/evaluation-service/register
2025-07-05 10:40:57,723 - INFO - Response status: 400
2025-07-05 10:40:57,723 - ERROR - Request failed: 400 - {"errors":[{"mobileNo":"custom message is not available: Key: 'User.mobileNo' Error:Field validation for 'mobileNo' failed on the 'len' tag"}]}
2025-07-05 10:40:57,724 - INFO - Registration details saved to registration_details.json
2025-07-05 10:40:57,725 - INFO - Making POST request to: https://jsonplaceholder.typicode.com/posts
2025-07-05 10:40:58,666 - INFO - Response status: 201
2025-07-05 10:40:58,667 - INFO - Request successful: 201
2025-07-05 10:42:07,805 - INFO - Making POST request to: http://20.244.56.144/evaluation-service/register
2025-07-05 10:42:07,983 - INFO - Response status: 401
2025-07-05 10:42:07,984 - ERROR - Request failed: 401 - {"message":"given access code is invalid"}
2025-07-05 10:42:07,985 - INFO - Registration details saved to registration_details.json
2025-07-05 10:42:07,986 - INFO - Making POST request to: https://jsonplaceholder.typicode.com/posts
2025-07-05 10:42:08,784 - INFO - Response status: 201
2025-07-05 10:42:08,784 - INFO - Request successful: 201
2025-07-05 10:43:12,674 - INFO - Making POST request to: http://20.244.56.144/evaluation-service/register
2025-07-05 10:43:12,857 - INFO - Response status: 200
2025-07-05 10:43:12,858 - INFO - Request successful: 200
2025-07-05 10:43:12,859 - INFO - Registration details saved to registration_details.json
2025-07-05 10:43:12,860 - INFO - Making POST request to: https://jsonplaceholder.typicode.com/posts
2025-07-05 10:43:13,883 - INFO - Response status: 201
2025-07-05 10:43:13,884 - INFO - Request successful: 201
